AND
OR
DEFINE
FUNCTION
CREATE
SELECT
FROM
AS
WHERE
INSERT
UNION
INTERSECT
APPLY
GRAPH
VERTEX
EDGE
NOT
VERTICES
EDGES
WHILE
IF
ELSE
ELIF