PLUS MINUS TIMES DIVIDE ASSIGN SEQ ACCESSOR COMMA LP RP COMMENT LT LTEQ GT GTEQ EQL NOTEQL