LITERAL: 0
LITERAL: 1
LITERAL: 2
LITERAL: 3
LITERAL: 4
LITERAL: 5
LITERAL: 6
LITERAL: 7
LITERAL: 8
LITERAL: 9
LITERAL: 9876543210
LITERAL: 88.27