Processing all stmts
Initial Expression: (8 / 2) 
Evaluating expression: (8 / 2)
Evaluating expression: 8
Evaluating expression: 2
Result: true
