Initial Expression: a = 5
Evaluating expression: a = 5
