Processing all stmts
Initial Expression: 
GraphAsn: gTODO print all elements  
Evaluating expression: 
GraphAsn: gTODO print all elements 
Result: true
