Initial Expression: (4 * 7)
Evaluating expression: (4 * 7)
Evaluating expression: 4
Evaluating expression: 7
Result: 28
