Processing all stmts
Initial Expression: (5 + 6) 
Evaluating expression: (5 + 6)
Evaluating expression: 5
Evaluating expression: 6
Result: true
